// Jest Snapshot v1, https://goo.gl/fbAQLP

exports[`AssemblyList it at least shallow renders and match snapshot 1`] = `
<div
  className="AssemblyList"
>
  <Assembly
    Assembly={
      Object {
        "code": "A",
        "description": "SUBSTRUCTURE",
        "id": "63ef3b02-faa5-44f5-a677-99775fdaeffb",
        "level": 1,
      }
    }
    key="63ef3b02-faa5-44f5-a677-99775fdaeffb"
  />
</div>
`;
