// Jest Snapshot v1, https://goo.gl/fbAQLP

exports[`Category it at renders and matches snapshot 1`] = `
<div
  className="Category"
>
  <a
    href="/Category/1"
    onClick={[Function]}
    style={
      Object {
        "textDecoration": "none",
      }
    }
  >
    <div>
      bar
    </div>
  </a>
</div>
`;
